// Jest Snapshot v1, https://goo.gl/fbAQLP

exports[`cardList snapshot 1`] = `ShallowWrapper {}`;
