// Jest Snapshot v1, https://goo.gl/fbAQLP

exports[`robotCard Snapshot 1`] = `
"<Card style={{...}} body={false}>
  <CardImg alt=\\"robots\\" src=\\"https://robohash.org/1?size=200x200\\" variant={{...}} />
  <CardBody>
    <CardTitle>
      aaron
    </CardTitle>
    <CardText>
      aaron@email.com
    </CardText>
  </CardBody>
</Card>"
`;
